Project migration to XML Schema (XSD) version 134 is completed.
Project migration to XML Schema (XSD) version 135 is completed.
Project migration to XML Schema (XSD) version 136 is completed.
Project migration to XML Schema (XSD) version 137 is completed.
The Plug-in 'Auro Headphone' was not found for '\Effects\Factory Auro Headphone\Dry_AHP'. Edition and playback won't be available for this object.
'\Effects\Factory Auro Headphone\Dry_AHP' uses the audio effect plugin 'Auro Headphone', which is not installed.
The Plug-in 'Auro Headphone' was not found for '\Effects\Factory Auro Headphone\Big_Church_AHP'. Edition and playback won't be available for this object.
'\Effects\Factory Auro Headphone\Big_Church_AHP' uses the audio effect plugin 'Auro Headphone', which is not installed.
The Plug-in 'Auro Headphone' was not found for '\Effects\Factory Auro Headphone\Church_AHP'. Edition and playback won't be available for this object.
'\Effects\Factory Auro Headphone\Church_AHP' uses the audio effect plugin 'Auro Headphone', which is not installed.
The Plug-in 'Auro Headphone' was not found for '\Effects\Factory Auro Headphone\Large_Hall_AHP'. Edition and playback won't be available for this object.
'\Effects\Factory Auro Headphone\Large_Hall_AHP' uses the audio effect plugin 'Auro Headphone', which is not installed.
The Plug-in 'Auro Headphone' was not found for '\Effects\Factory Auro Headphone\Big_Room_AHP'. Edition and playback won't be available for this object.
'\Effects\Factory Auro Headphone\Big_Room_AHP' uses the audio effect plugin 'Auro Headphone', which is not installed.
The Plug-in 'Auro Headphone' was not found for '\Effects\Factory Auro Headphone\Medium_Room_AHP'. Edition and playback won't be available for this object.
'\Effects\Factory Auro Headphone\Medium_Room_AHP' uses the audio effect plugin 'Auro Headphone', which is not installed.
The Plug-in 'Auro Headphone' was not found for '\Effects\Factory Auro Headphone\Small_Room_AHP'. Edition and playback won't be available for this object.
'\Effects\Factory Auro Headphone\Small_Room_AHP' uses the audio effect plugin 'Auro Headphone', which is not installed.
The Plug-in 'Auro Headphone' was not found for '\Effects\Factory Auro Headphone\Smal_Reflection_Room_AHP'. Edition and playback won't be available for this object.
'\Effects\Factory Auro Headphone\Smal_Reflection_Room_AHP' uses the audio effect plugin 'Auro Headphone', which is not installed.
The Plug-in 'Auro Headphone' was not found for '\Effects\Factory Auro Headphone\Small_Standard_Room_AHP'. Edition and playback won't be available for this object.
'\Effects\Factory Auro Headphone\Small_Standard_Room_AHP' uses the audio effect plugin 'Auro Headphone', which is not installed.
Some new object properties have been added or obsolete properties deleted. The project file was updated. These changes will not have an impact on your project.
